2025-12-10T22:05:07+00:00 DEBUG #8113 - [New Request] GET /wp-admin/admin.php
2025-12-10T22:05:07+00:00 DEBUG #8113 - GET https://api.woocommerce.com/integrations/ppc/v1/customer/partners/K8SKZ36LQBWXJ/merchant-integrations/
Response: Array
(
    [code] => 404
    [message] => Not Found
)

Response Body: {"statusCode":404,"error":"Not Found","message":"Not Found"}
2025-12-10T22:05:07+00:00 WARNING #8113 - [Error] Not Found CONTEXT: {"args":{"method":"GET","headers":{"Authorization":"Bearer token","Content-Type":"application/json"}},"response":{"headers":{},"body":"{"statusCode":404,"error":"Not Found","message":"Not Found"}","response":{"code":404,"message":"Not Found"},"cookies":[],"filename":null,"http_response":{"data":null,"headers":null,"status":null}}}
2025-12-10T22:05:28+00:00 DEBUG #2231 - [New Request] GET /wp-json/wc/v3/wc_paypal/webhooks
2025-12-10T22:05:28+00:00 DEBUG #2231 - GET https://api.woocommerce.com/integrations/ppc/v1/notifications/webhooks
Response: Array
(
    [code] => 404
    [message] => Not Found
)

Response Body: {"statusCode":404,"error":"Not Found","message":"Not Found"}
2025-12-10T22:05:45+00:00 DEBUG #3388 - [New Request] POST /wp-json/wc/v3/wc_paypal/login_link
2025-12-10T22:05:46+00:00 INFO #3388 - Generating onboarding URL for: production-express_checkout-
2025-12-10T22:05:46+00:00 DEBUG #3388 - POST https://api.woocommerce.com/integrations/ppc/v2/customer/partner-referrals
Request Body: {"partner_config_override":{"return_url":"http:\/\/localhost:8000\/wp-admin\/admin.php?page=wc-settings&tab=checkout&section=ppcp-gateway&ppcpToken=eyJrIjoicHJvZHVjdGlvbi1leHByZXNzX2NoZWNrb3V0LSIsInUiOjEsImgiOiJmNzJmZDU3NzM3ODk3N2RkY2RjZGNhMzY1NTdlZWMzZSJ9","return_url_description":"Return to your shop.","show_add_credit_card":false},"products":["PPCP","ADVANCED_VAULTING"],"capabilities":["PAYPAL_WALLET_VAULTING_ADVANCED"],"legal_consents":[{"type":"SHARE_DATA_CONSENT","granted":true}],"operations":[{"operation":"API_INTEGRATION","api_integration_preference":{"rest_api_integration":{"integration_method":"PAYPAL","integration_type":"FIRST_PARTY","first_party_details":{"features":["PAYMENT","REFUND","ADVANCED_TRANSACTIONS_SEARCH","TRACKING_SHIPMENT_READWRITE","BILLING_AGREEMENT"],"seller_nonce":"a1233wtergfsdt4365tzrshgfbaewa36AGa1233wtergfsdt4365tzrshgfbaewa36AG"}}}}]}
Response Debug ID: 6e7a834d2d9a2
Response: Array
(
    [code] => 201
    [message] => Created
)

2025-12-10T22:05:57+00:00 DEBUG #6713 - [New Request] POST /wp-json/wc/v3/wc_paypal/login_link
2025-12-10T22:05:57+00:00 DEBUG #6608 - [New Request] POST /wp-json/wc/v3/wc_paypal/login_link
2025-12-10T22:05:57+00:00 DEBUG #6608 - Loaded onboarding URL from cache: production-express_checkout-
2025-12-10T22:05:57+00:00 DEBUG #6713 - Loaded onboarding URL from cache: production-express_checkout-
2025-12-10T22:05:57+00:00 INFO #6608 - Using cached onboarding URL for: production-express_checkout-
2025-12-10T22:05:57+00:00 INFO #6713 - Using cached onboarding URL for: production-express_checkout-
